// Jest Snapshot v1, https://goo.gl/fbAQLP

exports[`Storyshots HelloComponent story as a component 1`] = `
<div>
  <h1>
    Hello Adam!
  </h1>
   
  <h2
    class="wave"
  >
    H2 Is here
  </h2>
</div>
`;
